{
  "version": "1.5.0",
  "plugins_used": [
    {
      "name": "ArtifactoryDetector"
    },
    {
      "name": "AWSKeyDetector"
    },
    {
      "name": "AzureStorageKeyDetector"
    },
    {
      "name": "Base64HighEntropyString",
      "limit": 4.5
    },
    {
      "name": "BasicAuthDetector"
    },
    {
      "name": "CloudantDetector"
    },
    {
      "name": "DiscordBotTokenDetector"
    },
    {
      "name": "GitHubTokenDetector"
    },
    {
      "name": "GitLabTokenDetector"
    },
    {
      "name": "HexHighEntropyString",
      "limit": 3.0
    },
    {
      "name": "IbmCloudIamDetector"
    },
    {
      "name": "IbmCosHmacDetector"
    },
    {
      "name": "IPPublicDetector"
    },
    {
      "name": "JwtTokenDetector"
    },
    {
      "name": "KeywordDetector",
      "keyword_exclude": ""
    },
    {
      "name": "MailchimpDetector"
    },
    {
      "name": "NpmDetector"
    },
    {
      "name": "OpenAIDetector"
    },
    {
      "name": "PrivateKeyDetector"
    },
    {
      "name": "PypiTokenDetector"
    },
    {
      "name": "SendGridDetector"
    },
    {
      "name": "SlackDetector"
    },
    {
      "name": "SoftlayerDetector"
    },
    {
      "name": "SquareOAuthDetector"
    },
    {
      "name": "StripeDetector"
    },
    {
      "name": "TelegramBotTokenDetector"
    },
    {
      "name": "TwilioKeyDetector"
    }
  ],
  "filters_used": [
    {
      "path": "detect_secrets.filters.allowlist.is_line_allowlisted"
    },
    {
      "path": "detect_secrets.filters.common.is_baseline_file",
      "filename": ".secrets.baseline"
    },
    {
      "path": "detect_secrets.filters.common.is_ignored_due_to_verification_policies",
      "min_level": 2
    },
    {
      "path": "detect_secrets.filters.heuristic.is_indirect_reference"
    },
    {
      "path": "detect_secrets.filters.heuristic.is_likely_id_string"
    },
    {
      "path": "detect_secrets.filters.heuristic.is_lock_file"
    },
    {
      "path": "detect_secrets.filters.heuristic.is_not_alphanumeric_string"
    },
    {
      "path": "detect_secrets.filters.heuristic.is_potential_uuid"
    },
    {
      "path": "detect_secrets.filters.heuristic.is_prefixed_with_dollar_sign"
    },
    {
      "path": "detect_secrets.filters.heuristic.is_sequential_string"
    },
    {
      "path": "detect_secrets.filters.heuristic.is_swagger_file"
    },
    {
      "path": "detect_secrets.filters.heuristic.is_templated_secret"
    }
  ],
  "results": {
    "GCLOUD_SETUP.md": [
      {
        "type": "Basic Auth Credentials",
        "filename": "GCLOUD_SETUP.md",
        "hashed_secret": "30b6b8657be6da95d52ec10db7011519d6e699fe",
        "is_verified": false,
        "line_number": 73
      },
      {
        "type": "Secret Keyword",
        "filename": "GCLOUD_SETUP.md",
        "hashed_secret": "fc3e841b57ffd4710e7e4db8c3d707a4f66ec89c",
        "is_verified": false,
        "line_number": 88
      },
      {
        "type": "Secret Keyword",
        "filename": "GCLOUD_SETUP.md",
        "hashed_secret": "bf075160f1377b759bb6901cbbd3c1c077acdcc7",
        "is_verified": false,
        "line_number": 105
      }
    ],
    "deploy.sh": [
      {
        "type": "Secret Keyword",
        "filename": "deploy.sh",
        "hashed_secret": "09ae9e60f16695d5210ebeeddae768884bd84e9c",
        "is_verified": false,
        "line_number": 169
      },
      {
        "type": "Secret Keyword",
        "filename": "deploy.sh",
        "hashed_secret": "771fcf812d778912181827134492913a5d6b08d5",
        "is_verified": false,
        "line_number": 340
      },
      {
        "type": "Secret Keyword",
        "filename": "deploy.sh",
        "hashed_secret": "0adb13f0b4fdd1644b5784250b00eb4f4fff42df",
        "is_verified": false,
        "line_number": 508
      }
    ],
    "main.py": [
      {
        "type": "Secret Keyword",
        "filename": "main.py",
        "hashed_secret": "d05ce1a73f41e76be0dfb363ddb104f7aaa8f2a5",
        "is_verified": false,
        "line_number": 110
      }
    ],
    "platform_admin_identity.py": [
      {
        "type": "Secret Keyword",
        "filename": "platform_admin_identity.py",
        "hashed_secret": "09ae9e60f16695d5210ebeeddae768884bd84e9c",
        "is_verified": false,
        "line_number": 9
      }
    ],
    "set_super_admin.sh": [
      {
        "type": "Secret Keyword",
        "filename": "set_super_admin.sh",
        "hashed_secret": "09ae9e60f16695d5210ebeeddae768884bd84e9c",
        "is_verified": false,
        "line_number": 19
      }
    ],
    "setup_google_oauth_secrets.sh": [
      {
        "type": "Secret Keyword",
        "filename": "setup_google_oauth_secrets.sh",
        "hashed_secret": "5b45f8a7ecdc4b13e97f901f46c9a85c387d2601",
        "is_verified": false,
        "line_number": 19
      }
    ],
    "setup_pilot_local.sh": [
      {
        "type": "Base64 High Entropy String",
        "filename": "setup_pilot_local.sh",
        "hashed_secret": "d13a980519f0bd1dadc2cb558ebfd03551783a50",
        "is_verified": false,
        "line_number": 98
      },
      {
        "type": "Base64 High Entropy String",
        "filename": "setup_pilot_local.sh",
        "hashed_secret": "85d7d9db12e81779219962a66c1bea9c49577b89",
        "is_verified": false,
        "line_number": 99
      },
      {
        "type": "Base64 High Entropy String",
        "filename": "setup_pilot_local.sh",
        "hashed_secret": "976067e634ef98fe7779a9eefc547da75d048d07",
        "is_verified": false,
        "line_number": 100
      }
    ],
    "tests/test_control_plane.py": [
      {
        "type": "Secret Keyword",
        "filename": "tests/test_control_plane.py",
        "hashed_secret": "965d9e433c0042158032f7f97cc4b75c6fb0e87c",
        "is_verified": false,
        "line_number": 361
      },
      {
        "type": "Secret Keyword",
        "filename": "tests/test_control_plane.py",
        "hashed_secret": "be529eeb1df453f4c13caef53953baf27a6d8911",
        "is_verified": false,
        "line_number": 378
      },
      {
        "type": "Secret Keyword",
        "filename": "tests/test_control_plane.py",
        "hashed_secret": "33416ac63c79d9fe3177739db4cb4478f6f6a84a",
        "is_verified": false,
        "line_number": 405
      },
      {
        "type": "Secret Keyword",
        "filename": "tests/test_control_plane.py",
        "hashed_secret": "f4b1fe359ecf0cb4e5344a610e92752b93430410",
        "is_verified": false,
        "line_number": 462
      },
      {
        "type": "Secret Keyword",
        "filename": "tests/test_control_plane.py",
        "hashed_secret": "f5a8ef6c0a690541e2a089c9ad7e6f23c733b24b",
        "is_verified": false,
        "line_number": 474
      },
      {
        "type": "Secret Keyword",
        "filename": "tests/test_control_plane.py",
        "hashed_secret": "66655a28c74c732ba6ad830efb2befdd169b8980",
        "is_verified": false,
        "line_number": 1993
      }
    ],
    "tests/test_faa_proxy.py": [
      {
        "type": "Secret Keyword",
        "filename": "tests/test_faa_proxy.py",
        "hashed_secret": "e5e9fa1ba31ecd1ae84f75caaa474f3a663f05f4",
        "is_verified": false,
        "line_number": 26
      }
    ],
    "tests/test_organization_routes.py": [
      {
        "type": "Secret Keyword",
        "filename": "tests/test_organization_routes.py",
        "hashed_secret": "44928e8bd7d7fc55eb4b7b160ba4fc4496608b61",
        "is_verified": false,
        "line_number": 554
      },
      {
        "type": "Secret Keyword",
        "filename": "tests/test_organization_routes.py",
        "hashed_secret": "abf7aad6438836dbe526aa231abde2d0eef74d42",
        "is_verified": false,
        "line_number": 752
      }
    ],
    "tests/test_platform_admin.py": [
      {
        "type": "Base64 High Entropy String",
        "filename": "tests/test_platform_admin.py",
        "hashed_secret": "3c0771485ea9fdd31beb9e8a437c1e24fe69a959",
        "is_verified": false,
        "line_number": 343
      },
      {
        "type": "Secret Keyword",
        "filename": "tests/test_platform_admin.py",
        "hashed_secret": "44928e8bd7d7fc55eb4b7b160ba4fc4496608b61",
        "is_verified": false,
        "line_number": 371
      },
      {
        "type": "Secret Keyword",
        "filename": "tests/test_platform_admin.py",
        "hashed_secret": "e052a2d8c1f9c93a39e8a2903e6ce11b01a7f631",
        "is_verified": false,
        "line_number": 418
      },
      {
        "type": "Secret Keyword",
        "filename": "tests/test_platform_admin.py",
        "hashed_secret": "b71c2ca858e45e981ed85f28c9aa6880292c4250",
        "is_verified": false,
        "line_number": 590
      },
      {
        "type": "Secret Keyword",
        "filename": "tests/test_platform_admin.py",
        "hashed_secret": "d086a64bf57c5bcf33429fe1ccbaaa5a7197803e",
        "is_verified": false,
        "line_number": 608
      }
    ],
    "tests/test_platform_admin_auth.py": [
      {
        "type": "Secret Keyword",
        "filename": "tests/test_platform_admin_auth.py",
        "hashed_secret": "a0281cd072cea8e80e7866b05dc124815760b6c9",
        "is_verified": false,
        "line_number": 194
      },
      {
        "type": "Secret Keyword",
        "filename": "tests/test_platform_admin_auth.py",
        "hashed_secret": "0d1c8e6749726847bdde42e94d40d88183e09322",
        "is_verified": false,
        "line_number": 232
      }
    ]
  },
  "generated_at": "2026-08-17T02:12:40Z"
}
